How to Rollback Commit in Git (and add a Message)
-------------------------------------------------

Assumptions:
 A) You have installed Git
 B) You can commit changes to your git repository
 C) You want to rollback a change
 
 
References
----------
http://stackoverflow.com/questions/4114095/revert-git-repo-to-a-previous-commit/4114122#4114122


Procedure
---------
 1. Clone the webapps repository
    a. Open a DOS window by pressing <Start><Run>CMD
    b. In the DOS window, type-in these commands:
       DOS> cd /d c:\tools\intellij\workspace
       DOS> git clone https://github.com/traderres/dbExport.git
       
       Now, you should have this directory:
           c:\tools\intellij\workspace\dbExport


 2. Edit the README.md file by adding a line to it
    DOS> cd dbExport
    DOS> echo Here is my change that I want to rollback >> README.md
    
    DOS> git status
    On branch master
    Your branch is up-to-date with 'origin/master'.
    Changes not staged for commit:
      (use "git add <file>..." to update what will be committed)
      (use "git checkout -- <file>..." to discard changes in working directory)
    
        modified:   README.md
    
    no changes added to commit (use "git add" and/or "git commit -a")


 3. Commit a change
    DOS> echo "Making a change that I want to rollback" >> README.md
    DOS> git commit -a -m "Making a change that I want to rollback"
    DOS> git status
    
    On branch master
    Your branch is ahead of 'origin/master' by 1 commit.
      (use "git push" to publish your local commits)
    nothing to commit, working directory clean


 4. Push the change to the repo
    DOS> git push
    Username for 'https://github.com':             <enter github username>
    Password for 'https://traderres@github.com':   <enter github password>
    github --credentials store: github: command not found
    Counting objects: 3, done.
    Delta compression using up to 8 threads.
    Compressing objects: 100% (3/3), done.
    Writing objects: 100% (3/3), 317 bytes | 0 bytes/s, done.
    Total 3 (delta 2), reused 0 (delta 0)
    To https://github.com/traderres/webapps.git
       f038a0f..cb0a0ab  master -> master


 5. Get the revision id that you want to rollback to
    DOS> git log --format=oneline
    *OR*
    DOS> git log HEAD -5 --format=oneline
    0cf84b2ebc5ce9580fbaffb1bc50ef60037ec908 Making a change that I want to rollback
    65f2e27f80b240e0599ac60bbaea790ea2d19c87 Made a 3rd change on 5/15
    55c647b300ac563dd10a1847b2a36bc93a7691b2 hot fix change try #2
    8366d4ab1d9eb5417f5423002b7ab2e6f365b88d Making a change that I want to rollback
    7c379ad7aa1b2af37039744b845a94be315726c9 Initial Commit

    
 6. Rollback the code back to "Made a 3rd change on 5/15"
    -- So, we need get that revision id
       65f2e27f80b240e0599ac60bbaea790ea2d19c87


    Reset the head back to "Made a 3rd change on 5/15"
    DOS> git reset --hard 65f2e27f80b240e0599ac60bbaea790ea2d19c87

    Move the branch pointer back to the previous HEAD
    DOS> git reset --soft HEAD@{1}
    
    Commit the change and leave a message indicating that we reverted back to this point
    DOS> git commit -m "Revert to 65f2e27f80b240e0599ac60bbaea790ea2d19c87"

    Look at the history
    DOS> git log --format=oneline
    42e35dce3c38fa0a15103199eed95687535163c8 Revert to 65f2e27f80b240e0599ac60bbaea790ea2d19c87
    0cf84b2ebc5ce9580fbaffb1bc50ef60037ec908 Making a change that I want to rollback
    65f2e27f80b240e0599ac60bbaea790ea2d19c87 Made a 3rd change on 5/15
    55c647b300ac563dd10a1847b2a36bc93a7691b2 hot fix change try #2
    8366d4ab1d9eb5417f5423002b7ab2e6f365b88d Making a change that I want to rollback
    7c379ad7aa1b2af37039744b845a94be315726c9 Initial Commit

    Push the change up to the Git server
    DOS> git push

